This is pdfTeX, Version 3.141592653-2.6-1.40.28 (TeX Live 2025/Debian) (preloaded format=pdflatex 2025.8.22)  3 SEP 2025 22:09
entering extended mode
 restricted \write18 enabled.
 %&-line parsing enabled.
**c.c
(./c.c
LaTeX2e <2025-06-01> patch level 1
L3 programming layer <2025-07-19>
! You can't use `macro parameter character #' in vertical mode.
l.1 #
     include <stdio.h>
? 
! Interruption.
<to be read again> 
                   i
l.1 #i
      nclude <stdio.h>
? 

! LaTeX Error: Missing \begin{document}.

See the LaTeX manual or LaTeX Companion for explanation.
Type  H <return>  for immediate help.
 ...                                              
                                                  
l.1 #i
      nclude <stdio.h>
? 
! Interruption.
\GenericError  ...                                
                                                  \endgroup 
l.1 #i
      nclude <stdio.h>
? 
! Emergency stop.
\GenericError  ...                                
                                                  \endgroup 
l.1 #i
      nclude <stdio.h>
End of file on the terminal!

 
Here is how much of TeX's memory you used:
 15 strings out of 467816
 325 string characters out of 5434901
 427005 words of memory out of 5000000
 28740 multiletter control sequences out of 15000+600000
 626825 words of font info for 40 fonts, out of 8000000 for 9000
 1141 hyphenation exceptions out of 8191
 15i,0n,18p,57b,14s stack positions out of 10000i,1000n,20000p,200000b,200000s
!  ==> Fatal error occurred, no output PDF file produced!
